node.exe : FAIL js/__tests__/palette.test.js
At line:1 char:1
+ & "C:\Program Files\nodejs/node.exe" 
"C:\Users\DELL\AppData\Roaming\n ...
+ ~~~~~~~~~~~~~~~~~~~~~~~~~~~~~~~~~~~~~~~~~~~~~~~~~
~~~~~~~~~~~~~~~~~~~~
    + CategoryInfo          : NotSpecified: (FAIL  
   js/__tests__/palette.test.js:String) [], Remot  
  eException
    + FullyQualifiedErrorId : NativeCommandError
 
  ΓùÅ Console

    console.error
      Error clearing palettes: TypeError: 
element.setAttribute is not a function
          at Palettes.setAttribute [as clear] (C:\U
sers\DELL\OneDrive\Desktop\musicblocks-fix\js\palet
te.js:843:21)
          at Object.clear (C:\Users\DELL\OneDrive\D
esktop\musicblocks-fix\js\__tests__\palette.test.js
:2344:22)
          at Promise.then.completed (C:\Users\DELL\
OneDrive\Desktop\musicblocks-fix\node_modules\jest-
circus\build\utils.js:298:28)
          at new Promise (<anonymous>)
          at callAsyncCircusFn (C:\Users\DELL\OneDr
ive\Desktop\musicblocks-fix\node_modules\jest-circu
s\build\utils.js:231:10)
          at _callCircusTest (C:\Users\DELL\OneDriv
e\Desktop\musicblocks-fix\node_modules\jest-circus\
build\run.js:316:40)
          at processTicksAndRejections 
(node:internal/process/task_queues:104:5)
          at _runTest (C:\Users\DELL\OneDrive\Deskt
op\musicblocks-fix\node_modules\jest-circus\build\r
un.js:252:3)
          at _runTestsForDescribeBlock (C:\Users\DE
LL\OneDrive\Desktop\musicblocks-fix\node_modules\je
st-circus\build\run.js:126:9)
          at _runTestsForDescribeBlock (C:\Users\DE
LL\OneDrive\Desktop\musicblocks-fix\node_modules\je
st-circus\build\run.js:121:9)
          at _runTestsForDescribeBlock (C:\Users\DE
LL\OneDrive\Desktop\musicblocks-fix\node_modules\je
st-circus\build\run.js:121:9)
          at run (C:\Users\DELL\OneDrive\Desktop\mu
sicblocks-fix\node_modules\jest-circus\build\run.js
:71:3)
          at runAndTransformResultsToJestFormat (C:
\Users\DELL\OneDrive\Desktop\musicblocks-fix\node_m
odules\jest-circus\build\legacy-code-todo-rewrite\j
estAdapterInit.js:122:21)
          at jestAdapter (C:\Users\DELL\OneDrive\De
sktop\musicblocks-fix\node_modules\jest-circus\buil
d\legacy-code-todo-rewrite\jestAdapter.js:79:19)
          at runTestInternal (C:\Users\DELL\OneDriv
e\Desktop\musicblocks-fix\node_modules\jest-runner\
build\runTest.js:367:16)
          at runTest (C:\Users\DELL\OneDrive\Deskto
p\musicblocks-fix\node_modules\jest-runner\build\ru
nTest.js:444:34)

    [0m [90m 868 |[39m             document[33m
.[39mbody[33m.[39mappendChild(element)[33m;[39
m
     [90m 869 |[39m         } [36mcatch[39m 
(e) {
    [31m[1m>[22m[39m[90m 870 |[39m           
  console[33m.[39merror([32m"Error clearing 
palettes:"[39m[33m,[39m e)[33m;[39m
     [90m     |[39m                     
[31m[1m^[22m[39m
     [90m 871 |[39m         }
     [90m 872 |[39m     }
     [90m 873 |[39m[0m

      at Palettes.error (js/palette.js:870:21)
      at Object.clear 
(js/__tests__/palette.test.js:2344:22)

    console.error
      Error clearing palettes: Error: Test error
          at C:\Users\DELL\OneDrive\Desktop\musicbl
ocks-fix\js\__tests__\palette.test.js:2354:23
          at C:\Users\DELL\OneDrive\Desktop\musicbl
ocks-fix\node_modules\@jest\environment-jsdom-abstr
act\node_modules\jest-mock\build\index.js:305:39
          at C:\Users\DELL\OneDrive\Desktop\musicbl
ocks-fix\node_modules\@jest\environment-jsdom-abstr
act\node_modules\jest-mock\build\index.js:312:13
          at mockConstructor (C:\Users\DELL\OneDriv
e\Desktop\musicblocks-fix\node_modules\@jest\enviro
nment-jsdom-abstract\node_modules\jest-mock\build\i
ndex.js:102:19)
          at Palettes.docById [as clear] (C:\Users\
DELL\OneDrive\Desktop\musicblocks-fix\js\palette.js
:829:36)
          at clear (C:\Users\DELL\OneDrive\Desktop\
musicblocks-fix\js\__tests__\palette.test.js:2359:3
5)
          at Object.<anonymous> (C:\Users\DELL\OneD
rive\Desktop\musicblocks-fix\node_modules\expect\bu
ild\toThrowMatchers.js:74:11)
          at Object.throwingMatcher [as toThrow] (C
:\Users\DELL\OneDrive\Desktop\musicblocks-fix\node_
modules\expect\build\index.js:320:21)
          at Object.toThrow (C:\Users\DELL\OneDrive
\Desktop\musicblocks-fix\js\__tests__\palette.test.
js:2359:48)
          at Promise.then.completed (C:\Users\DELL\
OneDrive\Desktop\musicblocks-fix\node_modules\jest-
circus\build\utils.js:298:28)
          at new Promise (<anonymous>)
          at callAsyncCircusFn (C:\Users\DELL\OneDr
ive\Desktop\musicblocks-fix\node_modules\jest-circu
s\build\utils.js:231:10)
          at _callCircusTest (C:\Users\DELL\OneDriv
e\Desktop\musicblocks-fix\node_modules\jest-circus\
build\run.js:316:40)
          at processTicksAndRejections 
(node:internal/process/task_queues:104:5)
          at _runTest (C:\Users\DELL\OneDrive\Deskt
op\musicblocks-fix\node_modules\jest-circus\build\r
un.js:252:3)
          at _runTestsForDescribeBlock (C:\Users\DE
LL\OneDrive\Desktop\musicblocks-fix\node_modules\je
st-circus\build\run.js:126:9)
          at _runTestsForDescribeBlock (C:\Users\DE
LL\OneDrive\Desktop\musicblocks-fix\node_modules\je
st-circus\build\run.js:121:9)
          at _runTestsForDescribeBlock (C:\Users\DE
LL\OneDrive\Desktop\musicblocks-fix\node_modules\je
st-circus\build\run.js:121:9)
          at run (C:\Users\DELL\OneDrive\Desktop\mu
sicblocks-fix\node_modules\jest-circus\build\run.js
:71:3)
          at runAndTransformResultsToJestFormat (C:
\Users\DELL\OneDrive\Desktop\musicblocks-fix\node_m
odules\jest-circus\build\legacy-code-todo-rewrite\j
estAdapterInit.js:122:21)
          at jestAdapter (C:\Users\DELL\OneDrive\De
sktop\musicblocks-fix\node_modules\jest-circus\buil
d\legacy-code-todo-rewrite\jestAdapter.js:79:19)
          at runTestInternal (C:\Users\DELL\OneDriv
e\Desktop\musicblocks-fix\node_modules\jest-runner\
build\runTest.js:367:16)
          at runTest (C:\Users\DELL\OneDrive\Deskto
p\musicblocks-fix\node_modules\jest-runner\build\ru
nTest.js:444:34)

    [0m [90m 868 |[39m             document[33m
.[39mbody[33m.[39mappendChild(element)[33m;[39
m
     [90m 869 |[39m         } [36mcatch[39m 
(e) {
    [31m[1m>[22m[39m[90m 870 |[39m           
  console[33m.[39merror([32m"Error clearing 
palettes:"[39m[33m,[39m e)[33m;[39m
     [90m     |[39m                     
[31m[1m^[22m[39m
     [90m 871 |[39m         }
     [90m 872 |[39m     }
     [90m 873 |[39m[0m

      at Palettes.error (js/palette.js:870:21)
      at clear 
(js/__tests__/palette.test.js:2359:35)
      at Object.<anonymous> (node_modules/expect/bu
ild/toThrowMatchers.js:74:11)
      at Object.throwingMatcher [as toThrow] 
(node_modules/expect/build/index.js:320:21)
      at Object.toThrow 
(js/__tests__/palette.test.js:2359:48)

  ΓùÅ Palettes Class ΓÇ║ Palette methods ΓÇ║ 
_showMenuItems renders a basic block

    TypeError: paletteList.appendChild is not a 
function

    [0m [90m 1505 |[39m             
itemCell[33m.[39mstyle[33m.[39mpaddingRight 
[33m=[39m 
[32m`${this.palettes.cellSize}px`[39m[33m;[39m
     [90m 1506 |[39m             
itemCell[33m.[39mappendChild(img)[33m;[39m
    [31m[1m>[22m[39m[90m 1507 |[39m          
   paletteList[33m.[39mappendChild(itemRow)[33m;
[39m
     [90m      |[39m                         
[31m[1m^[22m[39m
     [90m 1508 |[39m         }
     [90m 1509 |[39m
     [90m 1510 |[39m         [36mif[39m ([36mt
his[39m[33m.[39mpalettes[33m.[39mmobile) {[0m

      at Palette.appendChild [as _showMenuItems] 
(js/palette.js:1507:25)
      at Object._showMenuItems 
(js/__tests__/palette.test.js:1569:21)

  ΓùÅ Palettes Class ΓÇ║ Palette methods ΓÇ║ 
_showMenuItems handles image blocks and drag events

    TypeError: paletteList.appendChild is not a 
function

    [0m [90m 1505 |[39m             
itemCell[33m.[39mstyle[33m.[39mpaddingRight 
[33m=[39m 
[32m`${this.palettes.cellSize}px`[39m[33m;[39m
     [90m 1506 |[39m             
itemCell[33m.[39mappendChild(img)[33m;[39m
    [31m[1m>[22m[39m[90m 1507 |[39m          
   paletteList[33m.[39mappendChild(itemRow)[33m;
[39m
     [90m      |[39m                         
[31m[1m^[22m[39m
     [90m 1508 |[39m         }
     [90m 1509 |[39m
     [90m 1510 |[39m         [36mif[39m ([36mt
his[39m[33m.[39mpalettes[33m.[39mmobile) {[0m

      at Palette.appendChild [as _showMenuItems] 
(js/palette.js:1507:25)
      at Object._showMenuItems 
(js/__tests__/palette.test.js:1626:21)

  ΓùÅ Palettes Class ΓÇ║ Palette methods ΓÇ║ 
_showMenuItems handles touch drag

    TypeError: paletteList.appendChild is not a 
function

    [0m [90m 1505 |[39m             
itemCell[33m.[39mstyle[33m.[39mpaddingRight 
[33m=[39m 
[32m`${this.palettes.cellSize}px`[39m[33m;[39m
     [90m 1506 |[39m             
itemCell[33m.[39mappendChild(img)[33m;[39m
    [31m[1m>[22m[39m[90m 1507 |[39m          
   paletteList[33m.[39mappendChild(itemRow)[33m;
[39m
     [90m      |[39m                         
[31m[1m^[22m[39m
     [90m 1508 |[39m         }
     [90m 1509 |[39m
     [90m 1510 |[39m         [36mif[39m ([36mt
his[39m[33m.[39mpalettes[33m.[39mmobile) {[0m

      at Palette.appendChild [as _showMenuItems] 
(js/palette.js:1507:25)
      at Object._showMenuItems 
(js/__tests__/palette.test.js:1700:21)

  ΓùÅ Palettes Class ΓÇ║ Palette methods ΓÇ║ 
_showMenuItems hides palette when mobile

    TypeError: paletteList.appendChild is not a 
function

    [0m [90m 1505 |[39m             
itemCell[33m.[39mstyle[33m.[39mpaddingRight 
[33m=[39m 
[32m`${this.palettes.cellSize}px`[39m[33m;[39m
     [90m 1506 |[39m             
itemCell[33m.[39mappendChild(img)[33m;[39m
    [31m[1m>[22m[39m[90m 1507 |[39m          
   paletteList[33m.[39mappendChild(itemRow)[33m;
[39m
     [90m      |[39m                         
[31m[1m^[22m[39m
     [90m 1508 |[39m         }
     [90m 1509 |[39m
     [90m 1510 |[39m         [36mif[39m ([36mt
his[39m[33m.[39mpalettes[33m.[39mmobile) {[0m

      at Palette.appendChild [as _showMenuItems] 
(js/palette.js:1507:25)
      at Object._showMenuItems 
(js/__tests__/palette.test.js:1758:21)

FAIL js/__tests__/turtle-singer.test.js
  ΓùÅ processNote regression behavior ΓÇ║ should 
trigger stage update after processing note

    
expect(jest.fn()).toHaveBeenCalledTimes(expected)

    Expected number of calls: 1
    Received number of calls: 0

    [0m [90m 935 |[39m         [36mconst[39m 
callback [33m=[39m jest[33m.[39mfn()[33m;[39m
     [90m 936 |[39m         [33mSinger[39m[33m
.[39mprocessNote(activityMock[33m,[39m 
[35m4[39m[33m,[39m [36mfalse[39m[33m,[39m 
[32m"mockBlk"[39m[33m,[39m 
[35m0[39m[33m,[39m callback)[33m;[39m
    [31m[1m>[22m[39m[90m 937 |[39m         ex
pect(activityMock[33m.[39mstage[33m.[39mupdate)
[33m.[39mtoHaveBeenCalledTimes([35m1[39m)[33m;
[39m
     [90m     |[39m                              
             [31m[1m^[22m[39m
     [90m 938 |[39m     })[33m;[39m
     [90m 939 |[39m
     [90m 940 |[39m     test([32m"should use 
default BPM when bpm stack is 
empty"[39m[33m,[39m () [33m=>[39m {[0m

      at Object.toHaveBeenCalledTimes 
(js/__tests__/turtle-singer.test.js:937:43)

  ΓùÅ processNote regression behavior ΓÇ║ should 
use default BPM when bpm stack is empty

    
expect(jest.fn()).toHaveBeenCalledTimes(expected)

    Expected number of calls: 1
    Received number of calls: 0

    [0m [90m 941 |[39m         
singer[33m.[39mbpm [33m=[39m [][33m;[39m
     [90m 942 |[39m         [33mSinger[39m[33m
.[39mprocessNote(activityMock[33m,[39m 
[35m4[39m[33m,[39m [36mfalse[39m[33m,[39m 
[32m"mockBlk"[39m[33m,[39m 
[35m0[39m[33m,[39m 
jest[33m.[39mfn())[33m;[39m
    [31m[1m>[22m[39m[90m 943 |[39m         ex
pect(activityMock[33m.[39mstage[33m.[39mupdate)
[33m.[39mtoHaveBeenCalledTimes([35m1[39m)[33m;
[39m
     [90m     |[39m                              
             [31m[1m^[22m[39m
     [90m 944 |[39m     })[33m;[39m
     [90m 945 |[39m })[33m;[39m
     [90m 946 |[39m[0m

      at Object.toHaveBeenCalledTimes 
(js/__tests__/turtle-singer.test.js:943:43)

FAIL js/utils/__tests__/mathutils.test.js
  ΓùÅ MathUtility ΓÇ║ edge cases - Infinity, NaN, 
and boundary values ΓÇ║ doMod throws 
DivByZeroError when divisor is zero

    expect(received).toThrow(expected)

    Expected substring: "DivByZeroError"

    Received function did not throw

    [0m [90m 558 |[39m     describe([32m"edge 
cases - Infinity, NaN, and boundary 
values"[39m[33m,[39m () [33m=>[39m {
     [90m 559 |[39m         test([32m"doMod 
throws DivByZeroError when divisor is 
zero"[39m[33m,[39m () [33m=>[39m {
    [31m[1m>[22m[39m[90m 560 |[39m           
  expect(() [33m=>[39m [33mMathUtility[39m[33m
.[39mdoMod([35m5[39m[33m,[39m [35m0[39m))[3
3m.[39mtoThrow([32m"DivByZeroError"[39m)[33m;[
39m
     [90m     |[39m                              
                     [31m[1m^[22m[39m
     [90m 561 |[39m         })[33m;[39m
     [90m 562 |[39m
     [90m 563 |[39m         test([32m"doSqrt 
handles Infinity"[39m[33m,[39m () [33m=>[39m 
{[0m

      at Object.toThrow 
(js/utils/__tests__/mathutils.test.js:560:51)


=============================== Coverage summary ===============================
Statements   : 2.3% ( 1190/51598 )
Branches     : 2.06% ( 441/21329 )
Functions    : 1.87% ( 93/4958 )
Lines        : 2.31% ( 1155/49888 )
================================================================================
------------------------------|---------|----------|---------|---------|-----------------------------------------------------------------------------------------------------------------------------------------------------------------------------------------------------------------------------------------------------------------------------------------------------------------------------------------------------------------------------------------------------------------
File                          | % Stmts | % Branch | % Funcs | % Lines | Uncovered Line #s                                                                                                                                                                                                                                                                                                                                                                                               
------------------------------|---------|----------|---------|---------|-----------------------------------------------------------------------------------------------------------------------------------------------------------------------------------------------------------------------------------------------------------------------------------------------------------------------------------------------------------------------------------------------------------------
All files                     |     2.3 |     2.06 |    1.87 |    2.31 |                                                                                                                                                                                                                                                                                                                                                                                                                 
 js                           |     5.2 |      3.9 |    4.23 |    5.18 |                                                                                                                                                                                                                                                                                                                                                                                                                 
  LogoDependencies.js         |       0 |        0 |       0 |       0 | 86-270                                                                                                                                                                                                                                                                                                                                                                                                          
  SaveInterface.js            |       0 |        0 |       0 |       0 | 24-925                                                                                                                                                                                                                                                                                                                                                                                                          
  abc.js                      |       0 |        0 |       0 |       0 | 23-431                                                                                                                                                                                                                                                                                                                                                                                                          
  activity-context.js         |       0 |        0 |       0 |       0 | 12-63                                                                                                                                                                                                                                                                                                                                                                                                           
  activity.js                 |       0 |        0 |       0 |       0 | 53-8390                                                                                                                                                                                                                                                                                                                                                                                                         
  artwork.js                  |       0 |        0 |       0 |       0 | 63-804                                                                                                                                                                                                                                                                                                                                                                                                          
  background.js               |       0 |        0 |       0 |       0 | 16-38                                                                                                                                                                                                                                                                                                                                                                                                           
  base64Utils.js              |       0 |        0 |       0 |       0 | 31-50                                                                                                                                                                                                                                                                                                                                                                                                           
  basicblocks.js              |       0 |        0 |       0 |       0 | 40-121                                                                                                                                                                                                                                                                                                                                                                                                          
  block.js                    |       0 |        0 |       0 |       0 | 82-4694                                                                                                                                                                                                                                                                                                                                                                                                         
  blockfactory.js             |       0 |        0 |       0 |       0 | 20-1964                                                                                                                                                                                                                                                                                                                                                                                                         
  blocks.js                   |       0 |        0 |       0 |       0 | 57-7358                                                                                                                                                                                                                                                                                                                                                                                                         
  boundary.js                 |       0 |        0 |       0 |       0 | 28-125                                                                                                                                                                                                                                                                                                                                                                                                          
  gif-animator.js             |       0 |        0 |       0 |       0 | 30-274                                                                                                                                                                                                                                                                                                                                                                                                          
  languagebox.js              |       0 |        0 |       0 |       0 | 25-293                                                                                                                                                                                                                                                                                                                                                                                                          
  lilypond.js                 |       0 |        0 |       0 |       0 | 41-999                                                                                                                                                                                                                                                                                                                                                                                                          
  loader.js                   |       0 |        0 |       0 |       0 | 14-354                                                                                                                                                                                                                                                                                                                                                                                                          
  logo.js                     |       0 |        0 |       0 |       0 | 53-2698                                                                                                                                                                                                                                                                                                                                                                                                         
  logoconstants.js            |       0 |        0 |       0 |       0 | 14-98                                                                                                                                                                                                                                                                                                                                                                                                           
  macros.js                   |       0 |        0 |       0 |       0 | 50-1761                                                                                                                                                                                                                                                                                                                                                                                                         
  midi.js                     |       0 |        0 |       0 |       0 | 16-452                                                                                                                                                                                                                                                                                                                                                                                                          
  mxml.js                     |       0 |        0 |       0 |       0 | 15-263                                                                                                                                                                                                                                                                                                                                                                                                          
  notation.js                 |       0 |        0 |       0 |       0 | 48-506                                                                                                                                                                                                                                                                                                                                                                                                          
  p5-adapter.js               |       0 |        0 |       0 |       0 | 2-27                                                                                                                                                                                                                                                                                                                                                                                                            
  p5-sound-adapter.js         |       0 |        0 |       0 |       0 | 2-55                                                                                                                                                                                                                                                                                                                                                                                                            
  palette.js                  |   70.79 |    55.88 |   67.36 |   71.07 | 131-249,255-464,540-541,695-696,700-701,707-708,747-751,844-868,906,999-1000,1008-1009,1014-1015,1026-1027,1035-1036,1044-1045,1053,1147,1372-1373,1377-1383,1387,1410,1435-1498,1510-1511,1542-1546,1605-1608,1628-1629,1636-1637,1650-1651,1658-1659,1669-1670,1680-1681                                                                                                                                      
  pastebox.js                 |       0 |        0 |       0 |       0 | 13-158                                                                                                                                                                                                                                                                                                                                                                                                          
  piemenus.js                 |       0 |        0 |       0 |       0 | 69-4468                                                                                                                                                                                                                                                                                                                                                                                                         
  planetInterface.js          |       0 |        0 |       0 |       0 | 30-335                                                                                                                                                                                                                                                                                                                                                                                                          
  protoblocks.js              |       0 |        0 |       0 |       0 | 40-2103                                                                                                                                                                                                                                                                                                                                                                                                         
  rubrics.js                  |       0 |        0 |       0 |       0 | 41-884                                                                                                                                                                                                                                                                                                                                                                                                          
  themebox.js                 |       0 |        0 |       0 |       0 | 24-509                                                                                                                                                                                                                                                                                                                                                                                                          
  toolbar.js                  |       0 |        0 |       0 |       0 | 19-2066                                                                                                                                                                                                                                                                                                                                                                                                         
  trash.js                    |       0 |        0 |       0 |       0 | 22-274                                                                                                                                                                                                                                                                                                                                                                                                          
  turtle-painter.js           |       0 |        0 |       0 |       0 | 38-1567                                                                                                                                                                                                                                                                                                                                                                                                         
  turtle-singer.js            |   37.74 |    18.44 |   58.33 |   38.09 | 270-311,347,458-492,540-542,571,576,581,652,775-821,830-850,853-890,894-957,961-1011,1025-1051,1072,1075-1081,1091,1095-1096,1114-1124,1128-1138,1143-1157,1166-1169,1177-1339,1395-1433,1439-1441,1445-1446,1450-1452,1456-1459,1463-1466,1471-1477,1482-1490,1496-1498,1506-1523,1535-1546,1548-1559,1561-1577,1589-1607,1614,1644-1823,1837-1858,1869-1883,1889-1893,1901-1904,1915-2512,2520-2546,2577-2578 
  turtle.js                   |       0 |        0 |       0 |       0 | 56-990                                                                                                                                                                                                                                                                                                                                                                                                          
  turtledefs.js               |       0 |        0 |       0 |       0 | 38-809                                                                                                                                                                                                                                                                                                                                                                                                          
  turtles.js                  |       0 |        0 |       0 |       0 | 32-1339                                                                                                                                                                                                                                                                                                                                                                                                         
 js/blocks                    |       0 |        0 |       0 |       0 |                                                                                                                                                                                                                                                                                                                                                                                                                 
  ActionBlocks.js             |       0 |        0 |       0 |       0 | 38-1559                                                                                                                                                                                                                                                                                                                                                                                                         
  BooleanBlocks.js            |       0 |        0 |       0 |       0 | 30-1054                                                                                                                                                                                                                                                                                                                                                                                                         
  BoxesBlocks.js              |       0 |        0 |       0 |       0 | 32-861                                                                                                                                                                                                                                                                                                                                                                                                          
  DictBlocks.js               |       0 |        0 |       0 |       0 | 30-460                                                                                                                                                                                                                                                                                                                                                                                                          
  DrumBlocks.js               |       0 |        0 |       0 |       0 | 32-612                                                                                                                                                                                                                                                                                                                                                                                                          
  EnsembleBlocks.js           |       0 |        0 |       0 |       0 | 30-1361                                                                                                                                                                                                                                                                                                                                                                                                         
  ExtrasBlocks.js             |       0 |        0 |       0 |       0 | 33-917                                                                                                                                                                                                                                                                                                                                                                                                          
  FlowBlocks.js               |       0 |        0 |       0 |       0 | 32-1262                                                                                                                                                                                                                                                                                                                                                                                                         
  GraphicsBlocks.js           |       0 |        0 |       0 |       0 | 46-1263                                                                                                                                                                                                                                                                                                                                                                                                         
  HeapBlocks.js               |       0 |        0 |       0 |       0 | 31-737                                                                                                                                                                                                                                                                                                                                                                                                          
  IntervalsBlocks.js          |       0 |        0 |       0 |       0 | 45-1562                                                                                                                                                                                                                                                                                                                                                                                                         
  MediaBlocks.js              |       0 |        0 |       0 |       0 | 35-1089                                                                                                                                                                                                                                                                                                                                                                                                         
  MeterBlocks.js              |       0 |        0 |       0 |       0 | 34-1467                                                                                                                                                                                                                                                                                                                                                                                                         
  NumberBlocks.js             |       0 |        0 |       0 |       0 | 25-1008                                                                                                                                                                                                                                                                                                                                                                                                         
  OrnamentBlocks.js           |       0 |        0 |       0 |       0 | 32-747                                                                                                                                                                                                                                                                                                                                                                                                          
  PenBlocks.js                |       0 |        0 |       0 |       0 | 30-1253                                                                                                                                                                                                                                                                                                                                                                                                         
  PitchBlocks.js              |       0 |        0 |       0 |       0 | 31-2156                                                                                                                                                                                                                                                                                                                                                                                                         
  ProgramBlocks.js            |       0 |        0 |       0 |       0 | 30-1499                                                                                                                                                                                                                                                                                                                                                                                                         
  RhythmBlockPaletteBlocks.js |       0 |        0 |       0 |       0 | 22-1048                                                                                                                                                                                                                                                                                                                                                                                                         
  RhythmBlocks.js             |       0 |        0 |       0 |       0 | 33-1262                                                                                                                                                                                                                                                                                                                                                                                                         
  SensorsBlocks.js            |       0 |        0 |       0 |       0 | 32-1035                                                                                                                                                                                                                                                                                                                                                                                                         
  ToneBlocks.js               |       0 |        0 |       0 |       0 | 34-1177                                                                                                                                                                                                                                                                                                                                                                                                         
  VolumeBlocks.js             |       0 |        0 |       0 |       0 | 35-955                                                                                                                                                                                                                                                                                                                                                                                                          
  WidgetBlocks.js             |       0 |        0 |       0 |       0 | 86-1915                                                                                                                                                                                                                                                                                                                                                                                                         
 js/js-export                 |       0 |        0 |       0 |       0 |                                                                                                                                                                                                                                                                                                                                                                                                                 
  ASTutils.js                 |       0 |        0 |       0 |       0 | 36-773                                                                                                                                                                                                                                                                                                                                                                                                          
  ast2blocklist.js            |       0 |        0 |       0 |       0 | 33-715                                                                                                                                                                                                                                                                                                                                                                                                          
  constraints.js              |       0 |        0 |       0 |       0 | 25-1221                                                                                                                                                                                                                                                                                                                                                                                                         
  export.js                   |       0 |        0 |       0 |       0 | 29-450                                                                                                                                                                                                                                                                                                                                                                                                          
  generate.js                 |       0 |        0 |       0 |       0 | 36-386                                                                                                                                                                                                                                                                                                                                                                                                          
  interface.js                |       0 |        0 |       0 |       0 | 33-1837                                                                                                                                                                                                                                                                                                                                                                                                         
  minify.js                   |       0 |      100 |     100 |       0 | 1-7                                                                                                                                                                                                                                                                                                                                                                                                             
 js/js-export/API             |       0 |        0 |       0 |       0 |                                                                                                                                                                                                                                                                                                                                                                                                                 
  DictBlocksAPI.js            |       0 |        0 |       0 |       0 | 31-58                                                                                                                                                                                                                                                                                                                                                                                                           
  DrumBlocksAPI.js            |       0 |        0 |       0 |       0 | 31-58                                                                                                                                                                                                                                                                                                                                                                                                           
  GraphicsBlocksAPI.js        |       0 |        0 |       0 |       0 | 31-104                                                                                                                                                                                                                                                                                                                                                                                                          
  IntervalsBlocksAPI.js       |       0 |        0 |       0 |       0 | 31-65                                                                                                                                                                                                                                                                                                                                                                                                           
  MeterBlocksAPI.js           |       0 |        0 |       0 |       0 | 31-81                                                                                                                                                                                                                                                                                                                                                                                                           
  OrnamentBlocksAPI.js        |       0 |        0 |       0 |       0 | 31-55                                                                                                                                                                                                                                                                                                                                                                                                           
  PenBlocksAPI.js             |       0 |        0 |       0 |       0 | 31-116                                                                                                                                                                                                                                                                                                                                                                                                          
  PitchBlocksAPI.js           |       0 |        0 |       0 |       0 | 37-186                                                                                                                                                                                                                                                                                                                                                                                                          
  RhythmBlocksAPI.js          |       0 |        0 |       0 |       0 | 37-120                                                                                                                                                                                                                                                                                                                                                                                                          
  ToneBlocksAPI.js            |       0 |        0 |       0 |       0 | 37-136                                                                                                                                                                                                                                                                                                                                                                                                          
  VolumeBlocksAPI.js          |       0 |        0 |       0 |       0 | 31-65                                                                                                                                                                                                                                                                                                                                                                                                           
 js/js-export/samples         |       0 |      100 |     100 |       0 |                                                                                                                                                                                                                                                                                                                                                                                                                 
  sample.js                   |       0 |      100 |     100 |       0 | 19-299                                                                                                                                                                                                                                                                                                                                                                                                          
 js/turtleactions             |       0 |        0 |       0 |       0 |                                                                                                                                                                                                                                                                                                                                                                                                                 
  DictActions.js              |       0 |        0 |       0 |       0 | 52-267                                                                                                                                                                                                                                                                                                                                                                                                          
  DrumActions.js              |       0 |        0 |       0 |       0 | 52-234                                                                                                                                                                                                                                                                                                                                                                                                          
  IntervalsActions.js         |       0 |        0 |       0 |       0 | 49-476                                                                                                                                                                                                                                                                                                                                                                                                          
  MeterActions.js             |       0 |        0 |       0 |       0 | 54-387                                                                                                                                                                                                                                                                                                                                                                                                          
  OrnamentActions.js          |       0 |        0 |       0 |       0 | 36-133                                                                                                                                                                                                                                                                                                                                                                                                          
  PitchActions.js             |       0 |        0 |       0 |       0 | 58-682                                                                                                                                                                                                                                                                                                                                                                                                          
  RhythmActions.js            |       0 |        0 |       0 |       0 | 40-472                                                                                                                                                                                                                                                                                                                                                                                                          
  ToneActions.js              |       0 |        0 |       0 |       0 | 47-494                                                                                                                                                                                                                                                                                                                                                                                                          
  VolumeActions.js            |       0 |        0 |       0 |       0 | 49-315                                                                                                                                                                                                                                                                                                                                                                                                          
 js/utils                     |    1.55 |     2.63 |    4.36 |    1.56 |                                                                                                                                                                                                                                                                                                                                                                                                                 
  mathutils.js                |   98.59 |    98.64 |     100 |   98.57 | 327                                                                                                                                                                                                                                                                                                                                                                                                             
  mb-dialog.js                |       0 |        0 |       0 |       0 | 34-325                                                                                                                                                                                                                                                                                                                                                                                                          
  munsell.js                  |       0 |        0 |       0 |       0 | 31-6862                                                                                                                                                                                                                                                                                                                                                                                                         
  musicutils.js               |       0 |        0 |       0 |       0 | 67-6394                                                                                                                                                                                                                                                                                                                                                                                                         
  performanceTracker.js       |       0 |        0 |       0 |       0 | 38-347                                                                                                                                                                                                                                                                                                                                                                                                          
  platformstyle.js            |       0 |        0 |       0 |       0 | 22-548                                                                                                                                                                                                                                                                                                                                                                                                          
  synthutils.js               |       0 |        0 |       0 |       0 | 57-3632                                                                                                                                                                                                                                                                                                                                                                                                         
  utils.js                    |       0 |        0 |       0 |       0 | 52-1787                                                                                                                                                                                                                                                                                                                                                                                                         
 js/utils/__tests__           |       0 |      100 |       0 |       0 |                                                                                                                                                                                                                                                                                                                                                                                                                 
  tonemock.js                 |       0 |      100 |       0 |       0 | 22-210                                                                                                                                                                                                                                                                                                                                                                                                          
 js/widgets                   |       0 |        0 |       0 |       0 |                                                                                                                                                                                                                                                                                                                                                                                                                 
  PhraseMakerAudio.js         |       0 |        0 |       0 |       0 | 19-593                                                                                                                                                                                                                                                                                                                                                                                                          
  PhraseMakerGrid.js          |       0 |        0 |       0 |       0 | 17-269                                                                                                                                                                                                                                                                                                                                                                                                          
  PhraseMakerUI.js            |       0 |        0 |       0 |       0 | 19-179                                                                                                                                                                                                                                                                                                                                                                                                          
  PhraseMakerUtils.js         |       0 |        0 |       0 |       0 | 17-99                                                                                                                                                                                                                                                                                                                                                                                                           
  aidebugger.js               |       0 |        0 |       0 |       0 | 22-1220                                                                                                                                                                                                                                                                                                                                                                                                         
  aiwidget.js                 |       0 |        0 |       0 |       0 | 26-1254                                                                                                                                                                                                                                                                                                                                                                                                         
  arpeggio.js                 |       0 |        0 |       0 |       0 | 33-821                                                                                                                                                                                                                                                                                                                                                                                                          
  help.js                     |       0 |        0 |       0 |       0 | 32-665                                                                                                                                                                                                                                                                                                                                                                                                          
  jseditor.js                 |       0 |        0 |       0 |       0 | 34-1171                                                                                                                                                                                                                                                                                                                                                                                                         
  legobricks.js               |       0 |        0 |       0 |       0 | 16-3064                                                                                                                                                                                                                                                                                                                                                                                                         
  meterwidget.js              |       0 |        0 |       0 |       0 | 61-663                                                                                                                                                                                                                                                                                                                                                                                                          
  modewidget.js               |       0 |        0 |       0 |       0 | 55-1215                                                                                                                                                                                                                                                                                                                                                                                                         
  musickeyboard.js            |       0 |        0 |       0 |       0 | 49-3507                                                                                                                                                                                                                                                                                                                                                                                                         
  oscilloscope.js             |       0 |        0 |       0 |       0 | 41-325                                                                                                                                                                                                                                                                                                                                                                                                          
  phrasemaker.js              |       0 |        0 |       0 |       0 | 57-4751                                                                                                                                                                                                                                                                                                                                                                                                         
  pitchdrummatrix.js          |       0 |        0 |       0 |       0 | 51-1066                                                                                                                                                                                                                                                                                                                                                                                                         
  pitchslider.js              |       0 |        0 |       0 |       0 | 26-228                                                                                                                                                                                                                                                                                                                                                                                                          
  pitchstaircase.js           |       0 |        0 |       0 |       0 | 33-687                                                                                                                                                                                                                                                                                                                                                                                                          
  reflection.js               |       0 |        0 |       0 |       0 | 20-709                                                                                                                                                                                                                                                                                                                                                                                                          
  rhythmruler.js              |       0 |        0 |       0 |       0 | 67-2771                                                                                                                                                                                                                                                                                                                                                                                                         
  sampler.js                  |       0 |        0 |       0 |       0 | 27-2375                                                                                                                                                                                                                                                                                                                                                                                                         
  statistics.js               |       0 |        0 |       0 |       0 | 27-136                                                                                                                                                                                                                                                                                                                                                                                                          
  status.js                   |       0 |        0 |       0 |       0 | 20-357                                                                                                                                                                                                                                                                                                                                                                                                          
  temperament.js              |       0 |        0 |       0 |       0 | 38-2339                                                                                                                                                                                                                                                                                                                                                                                                         
  tempo.js                    |       0 |        0 |       0 |       0 | 30-442                                                                                                                                                                                                                                                                                                                                                                                                          
  timbre.js                   |       0 |        0 |       0 |       0 | 40-2591                                                                                                                                                                                                                                                                                                                                                                                                         
  tuner.js                    |       0 |        0 |       0 |       0 | 6-215                                                                                                                                                                                                                                                                                                                                                                                                           
  widgetWindows.js            |       0 |        0 |       0 |       0 | 20-780                                                                                                                                                                                                                                                                                                                                                                                                          
------------------------------|---------|----------|---------|---------|-----------------------------------------------------------------------------------------------------------------------------------------------------------------------------------------------------------------------------------------------------------------------------------------------------------------------------------------------------------------------------------------------------------------
Test Suites: 3 failed, 3 total
Tests:       7 failed, 333 passed, 340 total
Snapshots:   0 total
Time:        16.444 s
Ran all test suites matching /palette.test.js|turtl
e-singer.test.js|mathutils.test.js/i.
